▲ [WARNING] Duplicate member "showMap" in class body [duplicate-class-member]

    src/app/modules/attractives/attractive-form/attractive-form.component.ts:193:4:
      193 │     showMap = signal(false, ...(ngDevMode ? [{ debugName: "showMa...
          ╵     ~~~~~~~

  The original member "showMap" is here:

    src/app/modules/attractives/attractive-form/attractive-form.component.ts:142:4:
      142 │     showMap = signal(false, ...(ngDevMode ? [{ debugName: "showMa...
          ╵     ~~~~~~~
